Job 2476590 on nid006308
CPUs allocated: 32
Started: Fri Jun  5 07:50:43 PM CEST 2026
0: Loading Full MNIST on cuda...
0: 
0: Training SGD with Cross-Validation ...
0:   [SGD] finished phase 1                 | Task Accs: 0.980, 0.532, 0.112
0:   [SGD] finished phase 2                 | Task Accs: 0.515, 0.981, 0.514
0:   [SGD] finished phase 3                 | Task Accs: 0.194, 0.558, 0.980
0: 
0: Training L2 with Cross-Validation ...
0:   [ L2] finished phase 1                 | Task Accs: 0.980, 0.528, 0.116
0:   [ L2] finished phase 2     (λ=0.1)     | Task Accs: 0.823, 0.862, 0.339
0:   [ L2] finished phase 3    (λ=0.05)     | Task Accs: 0.332, 0.456, 0.890
0: 
0: Training EWC with Cross-Validation ...
0:   [EWC] finished phase 1                 | Task Accs: 0.980, 0.528, 0.116
0:   [EWC] finished phase 2   (λ=10000.0)   | Task Accs: 0.625, 0.978, 0.577
0:   [EWC] finished phase 3   (λ=10000.0)   | Task Accs: 0.228, 0.676, 0.980
0: 
0: All runs complete.
0: 
0: Saved plot -> /iopsstor/scratch/cscs/tperez/cluster/ewc_rotated_mnist_plot.png
Finished: Fri Jun  5 08:45:21 PM CEST 2026
